// Jest Snapshot v1, https://goo.gl/fbAQLP

exports[`AccessReviewStack matches the synthesized template snapshot 1`] = `
{
  "Parameters": {
    "BootstrapVersion": {
      "Default": "/cdk-bootstrap/hnb659fds/version",
      "Description": "Version of the CDK Bootstrap resources in this environment, automatically retrieved from SSM Parameter Store. [cdk:skip]",
      "Type": "AWS::SSM::Parameter::Value<String>",
    },
  },
  "Resources": {
    "AccessReviewSchedule38FF3EFC": {
      "Properties": {
        "ScheduleExpression": "rate(30 days)",
        "State": "ENABLED",
        "Targets": [
          {
            "Arn": {
              "Ref": "AccessReviewStateMachine6B0D8940",
            },
            "Id": "Target0",
            "RoleArn": {
              "Fn::GetAtt": [
                "AccessReviewStateMachineEventsRole6AD45EC3",
                "Arn",
              ],
            },
          },
        ],
      },
      "Type": "AWS::Events::Rule",
    },
    "AccessReviewStateMachine6B0D8940": {
      "DeletionPolicy": "Delete",
      "DependsOn": [
        "AccessReviewStateMachineRoleDefaultPolicy5EDD20FC",
        "AccessReviewStateMachineRole07667B9F",
      ],
      "Properties": {
        "DefinitionString": {
          "Fn::Join": [
            "",
            [
              "{"StartAt":"RecordReview","States":{"RecordReview":{"End":true,"Type":"Task","Resource":"arn:",
              {
                "Ref": "AWS::Partition",
              },
              ":states:::dynamodb:putItem","Parameters":{"Item":{"reviewId":{"S.$":"$.reviewId"},"entitlementId":{"S.$":"$.entitlementId"},"status":{"S":"pending"}},"TableName":"",
              {
                "Ref": "ReviewTable04EF996C",
              },
              ""}}},"TimeoutSeconds":300}",
            ],
          ],
        },
        "LoggingConfiguration": {
          "Destinations": [
            {
              "CloudWatchLogsLogGroup": {
                "LogGroupArn": {
                  "Fn::GetAtt": [
                    "ReviewSfnLogs3473BDBC",
                    "Arn",
                  ],
                },
              },
            },
          ],
          "IncludeExecutionData": true,
          "Level": "ALL",
        },
        "RoleArn": {
          "Fn::GetAtt": [
            "AccessReviewStateMachineRole07667B9F",
            "Arn",
          ],
        },
        "StateMachineType": "STANDARD",
        "TracingConfiguration": {
          "Enabled": true,
        },
      },
      "Type": "AWS::StepFunctions::StateMachine",
      "UpdateReplacePolicy": "Delete",
    },
    "AccessReviewStateMachineEventsRole6AD45EC3": {
      "Properties": {
        "AssumeRolePolicyDocument": {
          "Statement": [
            {
              "Action": "sts:AssumeRole",
              "Effect": "Allow",
              "Principal": {
                "Service": "events.amazonaws.com",
              },
            },
          ],
          "Version": "2012-10-17",
        },
      },
      "Type": "AWS::IAM::Role",
    },
    "AccessReviewStateMachineEventsRoleDefaultPolicyAC2A028B": {
      "Properties": {
        "PolicyDocument": {
          "Statement": [
            {
              "Action": "states:StartExecution",
              "Effect": "Allow",
              "Resource": {
                "Ref": "AccessReviewStateMachine6B0D8940",
              },
            },
          ],
          "Version": "2012-10-17",
        },
        "PolicyName": "AccessReviewStateMachineEventsRoleDefaultPolicyAC2A028B",
        "Roles": [
          {
            "Ref": "AccessReviewStateMachineEventsRole6AD45EC3",
          },
        ],
      },
      "Type": "AWS::IAM::Policy",
    },
    "AccessReviewStateMachineRole07667B9F": {
      "Properties": {
        "AssumeRolePolicyDocument": {
          "Statement": [
            {
              "Action": "sts:AssumeRole",
              "Effect": "Allow",
              "Principal": {
                "Service": "states.amazonaws.com",
              },
            },
          ],
          "Version": "2012-10-17",
        },
      },
      "Type": "AWS::IAM::Role",
    },
    "AccessReviewStateMachineRoleDefaultPolicy5EDD20FC": {
      "Properties": {
        "PolicyDocument": {
          "Statement": [
            {
              "Action": "dynamodb:PutItem",
              "Effect": "Allow",
              "Resource": {
                "Fn::Join": [
                  "",
                  [
                    "arn:",
                    {
                      "Ref": "AWS::Partition",
                    },
                    ":dynamodb:us-east-1:123456789012:table/",
                    {
                      "Ref": "ReviewTable04EF996C",
                    },
                  ],
                ],
              },
            },
            {
              "Action": [
                "logs:CreateLogDelivery",
                "logs:GetLogDelivery",
                "logs:UpdateLogDelivery",
                "logs:DeleteLogDelivery",
                "logs:ListLogDeliveries",
                "logs:PutResourcePolicy",
                "logs:DescribeResourcePolicies",
                "logs:DescribeLogGroups",
              ],
              "Effect": "Allow",
              "Resource": "*",
            },
            {
              "Action": [
                "xray:PutTraceSegments",
                "xray:PutTelemetryRecords",
                "xray:GetSamplingRules",
                "xray:GetSamplingTargets",
              ],
              "Effect": "Allow",
              "Resource": "*",
            },
          ],
          "Version": "2012-10-17",
        },
        "PolicyName": "AccessReviewStateMachineRoleDefaultPolicy5EDD20FC",
        "Roles": [
          {
            "Ref": "AccessReviewStateMachineRole07667B9F",
          },
        ],
      },
      "Type": "AWS::IAM::Policy",
    },
    "ReviewSfnLogs3473BDBC": {
      "DeletionPolicy": "Delete",
      "Properties": {
        "RetentionInDays": 7,
      },
      "Type": "AWS::Logs::LogGroup",
      "UpdateReplacePolicy": "Delete",
    },
    "ReviewTable04EF996C": {
      "DeletionPolicy": "Delete",
      "Properties": {
        "AttributeDefinitions": [
          {
            "AttributeName": "reviewId",
            "AttributeType": "S",
          },
          {
            "AttributeName": "entitlementId",
            "AttributeType": "S",
          },
        ],
        "BillingMode": "PAY_PER_REQUEST",
        "KeySchema": [
          {
            "AttributeName": "reviewId",
            "KeyType": "HASH",
          },
          {
            "AttributeName": "entitlementId",
            "KeyType": "RANGE",
          },
        ],
        "PointInTimeRecoverySpecification": {
          "PointInTimeRecoveryEnabled": true,
        },
        "SSESpecification": {
          "SSEEnabled": true,
        },
      },
      "Type": "AWS::DynamoDB::Table",
      "UpdateReplacePolicy": "Delete",
    },
  },
  "Rules": {
    "CheckBootstrapVersion": {
      "Assertions": [
        {
          "Assert": {
            "Fn::Not": [
              {
                "Fn::Contains": [
                  [
                    "1",
                    "2",
                    "3",
                    "4",
                    "5",
                  ],
                  {
                    "Ref": "BootstrapVersion",
                  },
                ],
              },
            ],
          },
          "AssertDescription": "CDK bootstrap stack version 6 required. Please run 'cdk bootstrap' with a recent version of the CDK CLI.",
        },
      ],
    },
  },
}
`;
